// Jest Snapshot v1, https://goo.gl/fbAQLP

exports[`renders correctly empty 1`] = `null`;

exports[`renders correctly full 1`] = `null`;
