// Jest Snapshot v1, https://goo.gl/fbAQLP

exports[`Profile snapshot renders the screen 1`] = `null`;
