// Jest Snapshot v1, https://goo.gl/fbAQLP

exports[`Share snapshot renders the screen 1`] = `null`;
